<?xml version="1.0" encoding="ISO-8859-1" ?>
<link_info>
   <banner>TMS320C2000 Linker PC v22.6.1.LTS</banner>
   <copyright>Copyright (c) 1996-2018 Texas Instruments Incorporated</copyright>
   <link_time>0x67739fd4</link_time>
   <link_errors>0x0</link_errors>
   <output_file>timer_serial_gpio_lib.out</output_file>
   <entry_point>
      <name>_c_int00</name>
      <address>0x82b5c</address>
   </entry_point>
   <input_file_list>
      <input_file id="fl-2">
         <path>.\</path>
         <kind>object</kind>
         <file>F2837xD_GlobalVariableDefs.obj</file>
         <name>F2837xD_GlobalVariableDefs.obj</name>
      </input_file>
      <input_file id="fl-3">
         <path>.\</path>
         <kind>object</kind>
         <file>main.obj</file>
         <name>main.obj</name>
      </input_file>
      <input_file id="fl-4">
         <path>.\Drivers\</path>
         <kind>object</kind>
         <file>F2837xD_CodeStartBranch.obj</file>
         <name>F2837xD_CodeStartBranch.obj</name>
      </input_file>
      <input_file id="fl-5">
         <path>.\Drivers\</path>
         <kind>object</kind>
         <file>device.obj</file>
         <name>device.obj</name>
      </input_file>
      <input_file id="fl-6">
         <path>.\UserCode\</path>
         <kind>object</kind>
         <file>usergpio.obj</file>
         <name>usergpio.obj</name>
      </input_file>
      <input_file id="fl-7">
         <path>.\UserCode\</path>
         <kind>object</kind>
         <file>userserial.obj</file>
         <name>userserial.obj</name>
      </input_file>
      <input_file id="fl-8">
         <path>.\UserCode\</path>
         <kind>object</kind>
         <file>usertimer.obj</file>
         <name>usertimer.obj</name>
      </input_file>
      <input_file id="fl-e">
         <kind>object</kind>
         <file>&lt;internal&gt;</file>
         <name>&lt;internal&gt;</name>
      </input_file>
      <input_file id="fl-12">
         <path>C:\ti\c2000\C2000Ware_5_04_00_00\driverlib\f2837xd\driverlib\ccs\Debug\</path>
         <kind>archive</kind>
         <file>driverlib_coff.lib</file>
         <name>cputimer.obj</name>
      </input_file>
      <input_file id="fl-13">
         <path>C:\ti\c2000\C2000Ware_5_04_00_00\driverlib\f2837xd\driverlib\ccs\Debug\</path>
         <kind>archive</kind>
         <file>driverlib_coff.lib</file>
         <name>flash.obj</name>
      </input_file>
      <input_file id="fl-14">
         <path>C:\ti\c2000\C2000Ware_5_04_00_00\driverlib\f2837xd\driverlib\ccs\Debug\</path>
         <kind>archive</kind>
         <file>driverlib_coff.lib</file>
         <name>gpio.obj</name>
      </input_file>
      <input_file id="fl-15">
         <path>C:\ti\c2000\C2000Ware_5_04_00_00\driverlib\f2837xd\driverlib\ccs\Debug\</path>
         <kind>archive</kind>
         <file>driverlib_coff.lib</file>
         <name>interrupt.obj</name>
      </input_file>
      <input_file id="fl-16">
         <path>C:\ti\c2000\C2000Ware_5_04_00_00\driverlib\f2837xd\driverlib\ccs\Debug\</path>
         <kind>archive</kind>
         <file>driverlib_coff.lib</file>
         <name>sci.obj</name>
      </input_file>
      <input_file id="fl-17">
         <path>C:\ti\c2000\C2000Ware_5_04_00_00\driverlib\f2837xd\driverlib\ccs\Debug\</path>
         <kind>archive</kind>
         <file>driverlib_coff.lib</file>
         <name>sysctl.obj</name>
      </input_file>
      <input_file id="fl-23">
         <path>C:\ti\ccs1281\ccs\tools\compiler\ti-cgt-c2000_22.6.1.LTS\lib\</path>
         <kind>archive</kind>
         <file>rts2800_fpu32.lib</file>
         <name>boot28.asm.obj</name>
      </input_file>
      <input_file id="fl-24">
         <path>C:\ti\ccs1281\ccs\tools\compiler\ti-cgt-c2000_22.6.1.LTS\lib\</path>
         <kind>archive</kind>
         <file>rts2800_fpu32.lib</file>
         <name>fs_div28.asm.obj</name>
      </input_file>
      <input_file id="fl-25">
         <path>C:\ti\ccs1281\ccs\tools\compiler\ti-cgt-c2000_22.6.1.LTS\lib\</path>
         <kind>archive</kind>
         <file>rts2800_fpu32.lib</file>
         <name>cpy_tbl.c.obj</name>
      </input_file>
      <input_file id="fl-26">
         <path>C:\ti\ccs1281\ccs\tools\compiler\ti-cgt-c2000_22.6.1.LTS\lib\</path>
         <kind>archive</kind>
         <file>rts2800_fpu32.lib</file>
         <name>memcpy.c.obj</name>
      </input_file>
      <input_file id="fl-27">
         <path>C:\ti\ccs1281\ccs\tools\compiler\ti-cgt-c2000_22.6.1.LTS\lib\</path>
         <kind>archive</kind>
         <file>rts2800_fpu32.lib</file>
         <name>pre_init.c.obj</name>
      </input_file>
      <input_file id="fl-28">
         <path>C:\ti\ccs1281\ccs\tools\compiler\ti-cgt-c2000_22.6.1.LTS\lib\</path>
         <kind>archive</kind>
         <file>rts2800_fpu32.lib</file>
         <name>startup.c.obj</name>
      </input_file>
      <input_file id="fl-29">
         <path>C:\ti\ccs1281\ccs\tools\compiler\ti-cgt-c2000_22.6.1.LTS\lib\</path>
         <kind>archive</kind>
         <file>rts2800_fpu32.lib</file>
         <name>exit.c.obj</name>
      </input_file>
      <input_file id="fl-2a">
         <path>C:\ti\ccs1281\ccs\tools\compiler\ti-cgt-c2000_22.6.1.LTS\lib\</path>
         <kind>archive</kind>
         <file>rts2800_fpu32.lib</file>
         <name>_lock.c.obj</name>
      </input_file>
      <input_file id="fl-2b">
         <path>C:\ti\ccs1281\ccs\tools\compiler\ti-cgt-c2000_22.6.1.LTS\lib\</path>
         <kind>archive</kind>
         <file>rts2800_fpu32.lib</file>
         <name>args_main.c.obj</name>
      </input_file>
      <input_file id="fl-2c">
         <path>C:\ti\ccs1281\ccs\tools\compiler\ti-cgt-c2000_22.6.1.LTS\lib\</path>
         <kind>archive</kind>
         <file>rts2800_fpu32.lib</file>
         <name>strstr.c.obj</name>
      </input_file>
   </input_file_list>
   <object_component_list>
      <object_component id="oc-10a">
         <name>.cinit</name>
         <load_address>0x82000</load_address>
         <run_address>0x82000</run_address>
         <size>0xf</size>
         <input_file_ref idref="fl-5"/>
      </object_component>
      <object_component id="oc-16f">
         <name>.cinit</name>
         <load_address>0x8200f</load_address>
         <run_address>0x8200f</run_address>
         <size>0xe</size>
         <input_file_ref idref="fl-29"/>
      </object_component>
      <object_component id="oc-18f">
         <name>.cinit:__lock</name>
         <load_address>0x8201d</load_address>
         <run_address>0x8201d</run_address>
         <size>0x5</size>
         <input_file_ref idref="fl-2a"/>
      </object_component>
      <object_component id="oc-19d">
         <name>.cinit:__unlock</name>
         <load_address>0x82022</load_address>
         <run_address>0x82022</run_address>
         <size>0x5</size>
         <input_file_ref idref="fl-2a"/>
      </object_component>
      <object_component id="oc-190">
         <name>.text</name>
         <load_address>0x8202c</load_address>
         <run_address>0x8202c</run_address>
         <size>0x3fc</size>
         <input_file_ref idref="fl-5"/>
      </object_component>
      <object_component id="oc-1a0">
         <name>.text:_SysCtl_setClock</name>
         <load_address>0x82428</load_address>
         <run_address>0x82428</run_address>
         <size>0x209</size>
         <input_file_ref idref="fl-17"/>
      </object_component>
      <object_component id="oc-18d">
         <name>.text</name>
         <load_address>0x82631</load_address>
         <run_address>0x82631</run_address>
         <size>0x15c</size>
         <input_file_ref idref="fl-3"/>
      </object_component>
      <object_component id="oc-18a">
         <name>.text</name>
         <load_address>0x8278d</load_address>
         <run_address>0x8278d</run_address>
         <size>0x11d</size>
         <input_file_ref idref="fl-7"/>
      </object_component>
      <object_component id="oc-18b">
         <name>.text</name>
         <load_address>0x828aa</load_address>
         <run_address>0x828aa</run_address>
         <size>0xc4</size>
         <input_file_ref idref="fl-8"/>
      </object_component>
      <object_component id="oc-1c1">
         <name>.text:_SysCtl_selectXTAL</name>
         <load_address>0x8296e</load_address>
         <run_address>0x8296e</run_address>
         <size>0x90</size>
         <input_file_ref idref="fl-17"/>
      </object_component>
      <object_component id="oc-155">
         <name>.text</name>
         <load_address>0x829fe</load_address>
         <run_address>0x829fe</run_address>
         <size>0x88</size>
         <input_file_ref idref="fl-24"/>
      </object_component>
      <object_component id="oc-19a">
         <name>.text</name>
         <load_address>0x82a86</load_address>
         <run_address>0x82a86</run_address>
         <size>0x6e</size>
         <input_file_ref idref="fl-6"/>
      </object_component>
      <object_component id="oc-19f">
         <name>.text:_SysCtl_getDeviceParametric</name>
         <load_address>0x82af4</load_address>
         <run_address>0x82af4</run_address>
         <size>0x68</size>
         <input_file_ref idref="fl-17"/>
      </object_component>
      <object_component id="oc-8d">
         <name>.text</name>
         <load_address>0x82b5c</load_address>
         <run_address>0x82b5c</run_address>
         <size>0x56</size>
         <input_file_ref idref="fl-23"/>
      </object_component>
      <object_component id="oc-1b0">
         <name>.text:_GPIO_setPadConfig</name>
         <load_address>0x82bb2</load_address>
         <run_address>0x82bb2</run_address>
         <size>0x52</size>
         <input_file_ref idref="fl-14"/>
      </object_component>
      <object_component id="oc-1a1">
         <name>.text:_SysCtl_getClock</name>
         <load_address>0x82c04</load_address>
         <run_address>0x82c04</run_address>
         <size>0x51</size>
         <input_file_ref idref="fl-17"/>
      </object_component>
      <object_component id="oc-1be">
         <name>.text:_SysCtl_selectOscSource</name>
         <load_address>0x82c55</load_address>
         <run_address>0x82c55</run_address>
         <size>0x48</size>
         <input_file_ref idref="fl-17"/>
      </object_component>
      <object_component id="oc-193">
         <name>.text:_SCI_clearInterruptStatus</name>
         <load_address>0x82c9d</load_address>
         <run_address>0x82c9d</run_address>
         <size>0x45</size>
         <input_file_ref idref="fl-16"/>
      </object_component>
      <object_component id="oc-194">
         <name>.text:_SCI_enableInterrupt</name>
         <load_address>0x82ce2</load_address>
         <run_address>0x82ce2</run_address>
         <size>0x44</size>
         <input_file_ref idref="fl-16"/>
      </object_component>
      <object_component id="oc-119">
         <name>.text:retain</name>
         <load_address>0x82d26</load_address>
         <run_address>0x82d26</run_address>
         <size>0x42</size>
         <input_file_ref idref="fl-7"/>
      </object_component>
      <object_component id="oc-195">
         <name>.text:_SCI_writeCharArray</name>
         <load_address>0x82d68</load_address>
         <run_address>0x82d68</run_address>
         <size>0x41</size>
         <input_file_ref idref="fl-16"/>
      </object_component>
      <object_component id="oc-192">
         <name>.text:_SCI_setConfig</name>
         <load_address>0x82da9</load_address>
         <run_address>0x82da9</run_address>
         <size>0x3e</size>
         <input_file_ref idref="fl-16"/>
      </object_component>
      <object_component id="oc-197">
         <name>.text:_Interrupt_initModule</name>
         <load_address>0x82de7</load_address>
         <run_address>0x82de7</run_address>
         <size>0x3d</size>
         <input_file_ref idref="fl-15"/>
      </object_component>
      <object_component id="oc-1a5">
         <name>.text:_GPIO_setControllerCore</name>
         <load_address>0x82e24</load_address>
         <run_address>0x82e24</run_address>
         <size>0x37</size>
         <input_file_ref idref="fl-14"/>
      </object_component>
      <object_component id="oc-191">
         <name>.text:_GPIO_setPinConfig</name>
         <load_address>0x82e5b</load_address>
         <run_address>0x82e5b</run_address>
         <size>0x37</size>
         <input_file_ref idref="fl-14"/>
      </object_component>
      <object_component id="oc-1a4">
         <name>.text:_GPIO_setQualificationMode</name>
         <load_address>0x82e92</load_address>
         <run_address>0x82e92</run_address>
         <size>0x37</size>
         <input_file_ref idref="fl-14"/>
      </object_component>
      <object_component id="oc-199">
         <name>.text:_Interrupt_enable</name>
         <load_address>0x82ec9</load_address>
         <run_address>0x82ec9</run_address>
         <size>0x37</size>
         <input_file_ref idref="fl-15"/>
      </object_component>
      <object_component id="oc-1a3">
         <name>.text:_GPIO_setDirectionMode</name>
         <load_address>0x82f00</load_address>
         <run_address>0x82f00</run_address>
         <size>0x31</size>
         <input_file_ref idref="fl-14"/>
      </object_component>
      <object_component id="oc-121">
         <name>.text:retain</name>
         <load_address>0x82f31</load_address>
         <run_address>0x82f31</run_address>
         <size>0x31</size>
         <input_file_ref idref="fl-8"/>
      </object_component>
      <object_component id="oc-188">
         <name>.text</name>
         <load_address>0x82f62</load_address>
         <run_address>0x82f62</run_address>
         <size>0x29</size>
         <input_file_ref idref="fl-29"/>
      </object_component>
      <object_component id="oc-1c5">
         <name>.text:_CPUTimer_selectClockSource</name>
         <load_address>0x82f8b</load_address>
         <run_address>0x82f8b</run_address>
         <size>0x28</size>
         <input_file_ref idref="fl-17"/>
      </object_component>
      <object_component id="oc-1b4">
         <name>.text:_Flash_setBankPowerUpDelay</name>
         <load_address>0x82fb3</load_address>
         <run_address>0x82fb3</run_address>
         <size>0x26</size>
         <input_file_ref idref="fl-13"/>
      </object_component>
      <object_component id="oc-185">
         <name>.text</name>
         <load_address>0x82fd9</load_address>
         <run_address>0x82fd9</run_address>
         <size>0x24</size>
         <input_file_ref idref="fl-25"/>
      </object_component>
      <object_component id="oc-1aa">
         <name>.text:_SCI_isFIFOEnabled</name>
         <load_address>0x82ffd</load_address>
         <run_address>0x82ffd</run_address>
         <size>0x20</size>
         <input_file_ref idref="fl-16"/>
      </object_component>
      <object_component id="oc-1cb">
         <name>.text:_CPUTimer_getTimerOverflowStatus</name>
         <load_address>0x8301d</load_address>
         <run_address>0x8301d</run_address>
         <size>0x1f</size>
         <input_file_ref idref="fl-17"/>
      </object_component>
      <object_component id="oc-198">
         <name>.text:_Interrupt_initVectorTable</name>
         <load_address>0x8303c</load_address>
         <run_address>0x8303c</run_address>
         <size>0x1e</size>
         <input_file_ref idref="fl-15"/>
      </object_component>
      <object_component id="oc-18c">
         <name>.text</name>
         <load_address>0x8305a</load_address>
         <run_address>0x8305a</run_address>
         <size>0x1d</size>
         <input_file_ref idref="fl-26"/>
      </object_component>
      <object_component id="oc-1a6">
         <name>.text:_SCI_isBaseValid</name>
         <load_address>0x83077</load_address>
         <run_address>0x83077</run_address>
         <size>0x1b</size>
         <input_file_ref idref="fl-16"/>
      </object_component>
      <object_component id="oc-1c7">
         <name>.text:_CPUTimer_startTimer</name>
         <load_address>0x83092</load_address>
         <run_address>0x83092</run_address>
         <size>0x1a</size>
         <input_file_ref idref="fl-17"/>
      </object_component>
      <object_component id="oc-1ac">
         <name>.text:_SCI_isSpaceAvailableNonFIFO</name>
         <load_address>0x830ac</load_address>
         <run_address>0x830ac</run_address>
         <size>0x1a</size>
         <input_file_ref idref="fl-16"/>
      </object_component>
      <object_component id="oc-1a2">
         <name>.text:_SysCtl_getLowSpeedClock</name>
         <load_address>0x830c6</load_address>
         <run_address>0x830c6</run_address>
         <size>0x1a</size>
         <input_file_ref idref="fl-17"/>
      </object_component>
      <object_component id="oc-1a7">
         <name>.text:_SCI_disableModule</name>
         <load_address>0x830e0</load_address>
         <run_address>0x830e0</run_address>
         <size>0x18</size>
         <input_file_ref idref="fl-16"/>
      </object_component>
      <object_component id="oc-1a9">
         <name>.text:_SCI_performSoftwareReset</name>
         <load_address>0x830f8</load_address>
         <run_address>0x830f8</run_address>
         <size>0x18</size>
         <input_file_ref idref="fl-16"/>
      </object_component>
      <object_component id="oc-1ad">
         <name>.text:_CPUTimer_isBaseValid</name>
         <load_address>0x83110</load_address>
         <run_address>0x83110</run_address>
         <size>0x17</size>
         <input_file_ref idref="fl-12"/>
      </object_component>
      <object_component id="oc-1ca">
         <name>.text:_CPUTimer_isBaseValid</name>
         <load_address>0x83127</load_address>
         <run_address>0x83127</run_address>
         <size>0x17</size>
         <input_file_ref idref="fl-17"/>
      </object_component>
      <object_component id="oc-13a">
         <name>.text:_Interrupt_defaultHandler</name>
         <load_address>0x8313e</load_address>
         <run_address>0x8313e</run_address>
         <size>0x16</size>
         <input_file_ref idref="fl-15"/>
      </object_component>
      <object_component id="oc-19b">
         <name>.text</name>
         <load_address>0x83154</load_address>
         <run_address>0x83154</run_address>
         <size>0x16</size>
         <input_file_ref idref="fl-2c"/>
      </object_component>
      <object_component id="oc-1c3">
         <name>.text:_CPUTimer_stopTimer</name>
         <load_address>0x8316a</load_address>
         <run_address>0x8316a</run_address>
         <size>0x14</size>
         <input_file_ref idref="fl-17"/>
      </object_component>
      <object_component id="oc-1ab">
         <name>.text:_SCI_getTxFIFOStatus</name>
         <load_address>0x8317e</load_address>
         <run_address>0x8317e</run_address>
         <size>0x14</size>
         <input_file_ref idref="fl-16"/>
      </object_component>
      <object_component id="oc-196">
         <name>.text:_CPUTimer_setEmulationMode</name>
         <load_address>0x83192</load_address>
         <run_address>0x83192</run_address>
         <size>0x13</size>
         <input_file_ref idref="fl-12"/>
      </object_component>
      <object_component id="oc-1a8">
         <name>.text:_SCI_enableModule</name>
         <load_address>0x831a5</load_address>
         <run_address>0x831a5</run_address>
         <size>0x13</size>
         <input_file_ref idref="fl-16"/>
      </object_component>
      <object_component id="oc-1c6">
         <name>.text:_CPUTimer_clearOverflowFlag</name>
         <load_address>0x831b8</load_address>
         <run_address>0x831b8</run_address>
         <size>0x12</size>
         <input_file_ref idref="fl-17"/>
      </object_component>
      <object_component id="oc-1c2">
         <name>.text:_CPUTimer_disableInterrupt</name>
         <load_address>0x831ca</load_address>
         <run_address>0x831ca</run_address>
         <size>0x12</size>
         <input_file_ref idref="fl-17"/>
      </object_component>
      <object_component id="oc-187">
         <name>.text</name>
         <load_address>0x831dc</load_address>
         <run_address>0x831dc</run_address>
         <size>0x12</size>
         <input_file_ref idref="fl-2b"/>
      </object_component>
      <object_component id="oc-1c4">
         <name>.text:_CPUTimer_setPeriod</name>
         <load_address>0x831ee</load_address>
         <run_address>0x831ee</run_address>
         <size>0x11</size>
         <input_file_ref idref="fl-17"/>
      </object_component>
      <object_component id="oc-1b2">
         <name>.text:_Flash_isCtrlBaseValid</name>
         <load_address>0x831ff</load_address>
         <run_address>0x831ff</run_address>
         <size>0x10</size>
         <input_file_ref idref="fl-13"/>
      </object_component>
      <object_component id="oc-1b3">
         <name>.text:_Flash_isECCBaseValid</name>
         <load_address>0x8320f</load_address>
         <run_address>0x8320f</run_address>
         <size>0x10</size>
         <input_file_ref idref="fl-13"/>
      </object_component>
      <object_component id="oc-1c8">
         <name>.text:_SysCtl_pollCpuTimer</name>
         <load_address>0x8321f</load_address>
         <run_address>0x8321f</run_address>
         <size>0xf</size>
         <input_file_ref idref="fl-17"/>
      </object_component>
      <object_component id="oc-1c0">
         <name>.text:_GPIO_isPinValid</name>
         <load_address>0x8322e</load_address>
         <run_address>0x8322e</run_address>
         <size>0xe</size>
         <input_file_ref idref="fl-14"/>
      </object_component>
      <object_component id="oc-1ae">
         <name>.text:_Interrupt_disableGlobal</name>
         <load_address>0x8323c</load_address>
         <run_address>0x8323c</run_address>
         <size>0xd</size>
         <input_file_ref idref="fl-15"/>
      </object_component>
      <object_component id="oc-1af">
         <name>.text:_Interrupt_enableGlobal</name>
         <load_address>0x83249</load_address>
         <run_address>0x83249</run_address>
         <size>0xd</size>
         <input_file_ref idref="fl-15"/>
      </object_component>
      <object_component id="oc-1bd">
         <name>.text:_SysCtl_isMCDClockFailureDetected</name>
         <load_address>0x83256</load_address>
         <run_address>0x83256</run_address>
         <size>0xb</size>
         <input_file_ref idref="fl-17"/>
      </object_component>
      <object_component id="oc-13b">
         <name>.text:_Interrupt_illegalOperationHandler</name>
         <load_address>0x83261</load_address>
         <run_address>0x83261</run_address>
         <size>0xa</size>
         <input_file_ref idref="fl-15"/>
      </object_component>
      <object_component id="oc-13c">
         <name>.text:_Interrupt_nmiHandler</name>
         <load_address>0x8326b</load_address>
         <run_address>0x8326b</run_address>
         <size>0xa</size>
         <input_file_ref idref="fl-15"/>
      </object_component>
      <object_component id="oc-1bf">
         <name>.text:_SysCtl_serviceWatchdog</name>
         <load_address>0x83275</load_address>
         <run_address>0x83275</run_address>
         <size>0x9</size>
         <input_file_ref idref="fl-17"/>
      </object_component>
      <object_component id="oc-19c">
         <name>.text</name>
         <load_address>0x8327e</load_address>
         <run_address>0x8327e</run_address>
         <size>0x9</size>
         <input_file_ref idref="fl-2a"/>
      </object_component>
      <object_component id="oc-103">
         <name>.text</name>
         <load_address>0x83287</load_address>
         <run_address>0x83287</run_address>
         <size>0x8</size>
         <input_file_ref idref="fl-4"/>
      </object_component>
      <object_component id="oc-1c9">
         <name>.text:_SysCtl_resetMCD</name>
         <load_address>0x8328f</load_address>
         <run_address>0x8328f</run_address>
         <size>0x7</size>
         <input_file_ref idref="fl-17"/>
      </object_component>
      <object_component id="oc-184">
         <name>.text</name>
         <load_address>0x83296</load_address>
         <run_address>0x83296</run_address>
         <size>0x2</size>
         <input_file_ref idref="fl-27"/>
      </object_component>
      <object_component id="oc-186">
         <name>.text</name>
         <load_address>0x83298</load_address>
         <run_address>0x83298</run_address>
         <size>0x1</size>
         <input_file_ref idref="fl-28"/>
      </object_component>
      <object_component id="oc-104">
         <name>codestart</name>
         <load_address>0x80000</load_address>
         <run_address>0x80000</run_address>
         <size>0x2</size>
         <input_file_ref idref="fl-4"/>
      </object_component>
      <object_component id="oc-19e">
         <name>.TI.ramfunc:_Flash_initModule</name>
         <load_address>0x86000</load_address>
         <run_address>0x8000</run_address>
         <size>0x43</size>
         <input_file_ref idref="fl-13"/>
      </object_component>
      <object_component id="oc-1b5">
         <name>.TI.ramfunc:_Flash_setBankPowerMode</name>
         <load_address>0x86043</load_address>
         <run_address>0x8043</run_address>
         <size>0x2c</size>
         <input_file_ref idref="fl-13"/>
      </object_component>
      <object_component id="oc-1b9">
         <name>.TI.ramfunc:_Flash_setWaitstates</name>
         <load_address>0x8606f</load_address>
         <run_address>0x806f</run_address>
         <size>0x24</size>
         <input_file_ref idref="fl-13"/>
      </object_component>
      <object_component id="oc-1b6">
         <name>.TI.ramfunc:_Flash_setPumpPowerMode</name>
         <load_address>0x86093</load_address>
         <run_address>0x8093</run_address>
         <size>0x1d</size>
         <input_file_ref idref="fl-13"/>
      </object_component>
      <object_component id="oc-1b7">
         <name>.TI.ramfunc:_Flash_disableCache</name>
         <load_address>0x860b0</load_address>
         <run_address>0x80b0</run_address>
         <size>0x18</size>
         <input_file_ref idref="fl-13"/>
      </object_component>
      <object_component id="oc-1b8">
         <name>.TI.ramfunc:_Flash_disablePrefetch</name>
         <load_address>0x860c8</load_address>
         <run_address>0x80c8</run_address>
         <size>0x18</size>
         <input_file_ref idref="fl-13"/>
      </object_component>
      <object_component id="oc-1ba">
         <name>.TI.ramfunc:_Flash_enableCache</name>
         <load_address>0x860e0</load_address>
         <run_address>0x80e0</run_address>
         <size>0x17</size>
         <input_file_ref idref="fl-13"/>
      </object_component>
      <object_component id="oc-1bb">
         <name>.TI.ramfunc:_Flash_enablePrefetch</name>
         <load_address>0x860f7</load_address>
         <run_address>0x80f7</run_address>
         <size>0x17</size>
         <input_file_ref idref="fl-13"/>
      </object_component>
      <object_component id="oc-1bc">
         <name>.TI.ramfunc:_Flash_enableECC</name>
         <load_address>0x8610e</load_address>
         <run_address>0x810e</run_address>
         <size>0x16</size>
         <input_file_ref idref="fl-13"/>
      </object_component>
      <object_component id="oc-149">
         <name>.TI.ramfunc</name>
         <load_address>0x86124</load_address>
         <run_address>0x8124</run_address>
         <size>0x4</size>
         <input_file_ref idref="fl-17"/>
      </object_component>
      <object_component id="oc-14f">
         <name>.stack</name>
         <uninitialized>true</uninitialized>
         <run_address>0x400</run_address>
         <size>0x0</size>
         <input_file_ref idref="fl-23"/>
      </object_component>
      <object_component id="oc-25f">
         <name>.stack</name>
         <uninitialized>true</uninitialized>
         <run_address>0x400</run_address>
         <size>0x0</size>
      </object_component>
      <object_component id="oc-189">
         <name>.ebss:_rdata</name>
         <uninitialized>true</uninitialized>
         <run_address>0xa800</run_address>
         <size>0x80</size>
         <input_file_ref idref="fl-7"/>
      </object_component>
      <object_component id="oc-10b">
         <name>.ebss</name>
         <uninitialized>true</uninitialized>
         <run_address>0xa880</run_address>
         <size>0x6</size>
         <input_file_ref idref="fl-5"/>
      </object_component>
      <object_component id="oc-170">
         <name>.ebss</name>
         <uninitialized>true</uninitialized>
         <run_address>0xa886</run_address>
         <size>0x6</size>
         <input_file_ref idref="fl-29"/>
      </object_component>
      <object_component id="oc-18e">
         <name>.ebss:__lock</name>
         <uninitialized>true</uninitialized>
         <run_address>0xa88c</run_address>
         <size>0x2</size>
         <input_file_ref idref="fl-2a"/>
      </object_component>
      <object_component id="oc-1b1">
         <name>.ebss:__unlock</name>
         <uninitialized>true</uninitialized>
         <run_address>0xa88e</run_address>
         <size>0x2</size>
         <input_file_ref idref="fl-2a"/>
      </object_component>
      <object_component id="oc-fd">
         <name>.ebss</name>
         <uninitialized>true</uninitialized>
         <run_address>0xa890</run_address>
         <size>0x2</size>
         <input_file_ref idref="fl-3"/>
      </object_component>
      <object_component id="oc-118">
         <name>.ebss</name>
         <uninitialized>true</uninitialized>
         <run_address>0xa892</run_address>
         <size>0x1</size>
         <input_file_ref idref="fl-7"/>
      </object_component>
      <object_component id="oc-120">
         <name>.ebss</name>
         <uninitialized>true</uninitialized>
         <run_address>0xa893</run_address>
         <size>0x1</size>
         <input_file_ref idref="fl-8"/>
      </object_component>
      <object_component id="oc-14a">
         <name>.econst:.string</name>
         <load_address>0x90000</load_address>
         <run_address>0x90000</run_address>
         <size>0xc2</size>
         <input_file_ref idref="fl-17"/>
      </object_component>
      <object_component id="oc-12e">
         <name>.econst:.string</name>
         <load_address>0x900c2</load_address>
         <run_address>0x900c2</run_address>
         <size>0xbf</size>
         <input_file_ref idref="fl-13"/>
      </object_component>
      <object_component id="oc-134">
         <name>.econst:.string</name>
         <load_address>0x90182</load_address>
         <run_address>0x90182</run_address>
         <size>0xbc</size>
         <input_file_ref idref="fl-14"/>
      </object_component>
      <object_component id="oc-143">
         <name>.econst:.string</name>
         <load_address>0x9023e</load_address>
         <run_address>0x9023e</run_address>
         <size>0xbb</size>
         <input_file_ref idref="fl-16"/>
      </object_component>
      <object_component id="oc-fe">
         <name>.econst:.string</name>
         <load_address>0x902fa</load_address>
         <run_address>0x902fa</run_address>
         <size>0x9f</size>
         <input_file_ref idref="fl-3"/>
      </object_component>
      <object_component id="oc-13d">
         <name>.econst:.string</name>
         <load_address>0x9039a</load_address>
         <run_address>0x9039a</run_address>
         <size>0x63</size>
         <input_file_ref idref="fl-15"/>
      </object_component>
      <object_component id="oc-128">
         <name>.econst:.string</name>
         <load_address>0x903fe</load_address>
         <run_address>0x903fe</run_address>
         <size>0x62</size>
         <input_file_ref idref="fl-12"/>
      </object_component>
      <object_component id="oc-122">
         <name>.econst:.string</name>
         <load_address>0x90460</load_address>
         <run_address>0x90460</run_address>
         <size>0x48</size>
         <input_file_ref idref="fl-8"/>
      </object_component>
      <object_component id="oc-11a">
         <name>.econst:.string</name>
         <load_address>0x904a8</load_address>
         <run_address>0x904a8</run_address>
         <size>0x47</size>
         <input_file_ref idref="fl-7"/>
      </object_component>
      <object_component id="oc-112">
         <name>.econst:.string</name>
         <load_address>0x904f0</load_address>
         <run_address>0x904f0</run_address>
         <size>0x44</size>
         <input_file_ref idref="fl-6"/>
      </object_component>
      <object_component id="oc-10c">
         <name>.econst:.string</name>
         <load_address>0x90534</load_address>
         <run_address>0x90534</run_address>
         <size>0x14</size>
         <input_file_ref idref="fl-5"/>
      </object_component>
      <object_component id="oc-150">
         <name>.reset</name>
         <load_address>0x3fffc0</load_address>
         <run_address>0x3fffc0</run_address>
         <size>0x2</size>
         <input_file_ref idref="fl-23"/>
      </object_component>
      <object_component id="oc-1cc">
         <name>.TI.memcrc:_ccs_flash_checksum</name>
         <load_address>0x0</load_address>
         <run_address>0x0</run_address>
         <size>0x66</size>
      </object_component>
      <object_component id="oc-fa">
         <name>PieVectTableFile</name>
         <uninitialized>true</uninitialized>
         <run_address>0xd00</run_address>
         <size>0x1c0</size>
         <input_file_ref idref="fl-2"/>
      </object_component>
      <object_component id="oc-ca">
         <name>AccessProtectionRegsFile</name>
         <uninitialized>true</uninitialized>
         <run_address>0x5f4c0</run_address>
         <size>0x2e</size>
         <input_file_ref idref="fl-2"/>
      </object_component>
      <object_component id="oc-df">
         <name>AdcaRegsFile</name>
         <uninitialized>true</uninitialized>
         <run_address>0x7400</run_address>
         <size>0x7c</size>
         <input_file_ref idref="fl-2"/>
      </object_component>
      <object_component id="oc-e0">
         <name>AdcbRegsFile</name>
         <uninitialized>true</uninitialized>
         <run_address>0x7480</run_address>
         <size>0x7c</size>
         <input_file_ref idref="fl-2"/>
      </object_component>
      <object_component id="oc-e1">
         <name>AdccRegsFile</name>
         <uninitialized>true</uninitialized>
         <run_address>0x7500</run_address>
         <size>0x7c</size>
         <input_file_ref idref="fl-2"/>
      </object_component>
      <object_component id="oc-e2">
         <name>AdcdRegsFile</name>
         <uninitialized>true</uninitialized>
         <run_address>0x7580</run_address>
         <size>0x7c</size>
         <input_file_ref idref="fl-2"/>
      </object_component>
      <object_component id="oc-a7">
         <name>AdcaResultRegsFile</name>
         <uninitialized>true</uninitialized>
         <run_address>0xb00</run_address>
         <size>0x18</size>
         <input_file_ref idref="fl-2"/>
      </object_component>
      <object_component id="oc-a8">
         <name>AdcbResultRegsFile</name>
         <uninitialized>true</uninitialized>
         <run_address>0xb20</run_address>
         <size>0x18</size>
         <input_file_ref idref="fl-2"/>
      </object_component>
      <object_component id="oc-a9">
         <name>AdccResultRegsFile</name>
         <uninitialized>true</uninitialized>
         <run_address>0xb40</run_address>
         <size>0x18</size>
         <input_file_ref idref="fl-2"/>
      </object_component>
      <object_component id="oc-aa">
         <name>AdcdResultRegsFile</name>
         <uninitialized>true</uninitialized>
         <run_address>0xb60</run_address>
         <size>0x18</size>
         <input_file_ref idref="fl-2"/>
      </object_component>
      <object_component id="oc-ce">
         <name>AnalogSubsysRegsFile</name>
         <uninitialized>true</uninitialized>
         <run_address>0x5d180</run_address>
         <size>0x3e</size>
         <input_file_ref idref="fl-2"/>
      </object_component>
      <object_component id="oc-f6">
         <name>CanaRegsFile</name>
         <uninitialized>true</uninitialized>
         <run_address>0x48000</run_address>
         <size>0x164</size>
         <input_file_ref idref="fl-2"/>
      </object_component>
      <object_component id="oc-f7">
         <name>CanbRegsFile</name>
         <uninitialized>true</uninitialized>
         <run_address>0x4a000</run_address>
         <size>0x164</size>
         <input_file_ref idref="fl-2"/>
      </object_component>
      <object_component id="oc-cf">
         <name>Cla1RegsFile</name>
         <uninitialized>true</uninitialized>
         <run_address>0x1400</run_address>
         <size>0x3e</size>
         <input_file_ref idref="fl-2"/>
      </object_component>
      <object_component id="oc-f1">
         <name>Clb1DataExchRegsFile</name>
         <uninitialized>true</uninitialized>
         <run_address>0x3200</run_address>
         <size>0x108</size>
         <input_file_ref idref="fl-2"/>
      </object_component>
      <object_component id="oc-f2">
         <name>Clb2DataExchRegsFile</name>
         <uninitialized>true</uninitialized>
         <run_address>0x3600</run_address>
         <size>0x108</size>
         <input_file_ref idref="fl-2"/>
      </object_component>
      <object_component id="oc-f3">
         <name>Clb3DataExchRegsFile</name>
         <uninitialized>true</uninitialized>
         <run_address>0x3a00</run_address>
         <size>0x108</size>
         <input_file_ref idref="fl-2"/>
      </object_component>
      <object_component id="oc-f4">
         <name>Clb4DataExchRegsFile</name>
         <uninitialized>true</uninitialized>
         <run_address>0x3e00</run_address>
         <size>0x108</size>
         <input_file_ref idref="fl-2"/>
      </object_component>
      <object_component id="oc-d0">
         <name>Clb1LogicCfgRegsFile</name>
         <uninitialized>true</uninitialized>
         <run_address>0x3000</run_address>
         <size>0x3e</size>
         <input_file_ref idref="fl-2"/>
      </object_component>
      <object_component id="oc-d1">
         <name>Clb2LogicCfgRegsFile</name>
         <uninitialized>true</uninitialized>
         <run_address>0x3400</run_address>
         <size>0x3e</size>
         <input_file_ref idref="fl-2"/>
      </object_component>
      <object_component id="oc-d2">
         <name>Clb3LogicCfgRegsFile</name>
         <uninitialized>true</uninitialized>
         <run_address>0x3800</run_address>
         <size>0x3e</size>
         <input_file_ref idref="fl-2"/>
      </object_component>
      <object_component id="oc-d3">
         <name>Clb4LogicCfgRegsFile</name>
         <uninitialized>true</uninitialized>
         <run_address>0x3c00</run_address>
         <size>0x3e</size>
         <input_file_ref idref="fl-2"/>
      </object_component>
      <object_component id="oc-d4">
         <name>Clb1LogicCtrlRegsFile</name>
         <uninitialized>true</uninitialized>
         <run_address>0x3100</run_address>
         <size>0x40</size>
         <input_file_ref idref="fl-2"/>
      </object_component>
      <object_component id="oc-d5">
         <name>Clb2LogicCtrlRegsFile</name>
         <uninitialized>true</uninitialized>
         <run_address>0x3500</run_address>
         <size>0x40</size>
         <input_file_ref idref="fl-2"/>
      </object_component>
      <object_component id="oc-d6">
         <name>Clb3LogicCtrlRegsFile</name>
         <uninitialized>true</uninitialized>
         <run_address>0x3900</run_address>
         <size>0x40</size>
         <input_file_ref idref="fl-2"/>
      </object_component>
      <object_component id="oc-d7">
         <name>Clb4LogicCtrlRegsFile</name>
         <uninitialized>true</uninitialized>
         <run_address>0x3d00</run_address>
         <size>0x40</size>
         <input_file_ref idref="fl-2"/>
      </object_component>
      <object_component id="oc-d8">
         <name>ClbXbarRegsFile</name>
         <uninitialized>true</uninitialized>
         <run_address>0x7a40</run_address>
         <size>0x40</size>
         <input_file_ref idref="fl-2"/>
      </object_component>
      <object_component id="oc-cc">
         <name>ClkCfgRegsFile</name>
         <uninitialized>true</uninitialized>
         <run_address>0x5d200</run_address>
         <size>0x32</size>
         <input_file_ref idref="fl-2"/>
      </object_component>
      <object_component id="oc-b3">
         <name>Cmpss1RegsFile</name>
         <uninitialized>true</uninitialized>
         <run_address>0x5c80</run_address>
         <size>0x1b</size>
         <input_file_ref idref="fl-2"/>
      </object_component>
      <object_component id="oc-b4">
         <name>Cmpss2RegsFile</name>
         <uninitialized>true</uninitialized>
         <run_address>0x5ca0</run_address>
         <size>0x1b</size>
         <input_file_ref idref="fl-2"/>
      </object_component>
      <object_component id="oc-b5">
         <name>Cmpss3RegsFile</name>
         <uninitialized>true</uninitialized>
         <run_address>0x5cc0</run_address>
         <size>0x1b</size>
         <input_file_ref idref="fl-2"/>
      </object_component>
      <object_component id="oc-b6">
         <name>Cmpss4RegsFile</name>
         <uninitialized>true</uninitialized>
         <run_address>0x5ce0</run_address>
         <size>0x1b</size>
         <input_file_ref idref="fl-2"/>
      </object_component>
      <object_component id="oc-b7">
         <name>Cmpss5RegsFile</name>
         <uninitialized>true</uninitialized>
         <run_address>0x5d00</run_address>
         <size>0x1b</size>
         <input_file_ref idref="fl-2"/>
      </object_component>
      <object_component id="oc-b8">
         <name>Cmpss6RegsFile</name>
         <uninitialized>true</uninitialized>
         <run_address>0x5d20</run_address>
         <size>0x1b</size>
         <input_file_ref idref="fl-2"/>
      </object_component>
      <object_component id="oc-b9">
         <name>Cmpss7RegsFile</name>
         <uninitialized>true</uninitialized>
         <run_address>0x5d40</run_address>
         <size>0x1b</size>
         <input_file_ref idref="fl-2"/>
      </object_component>
      <object_component id="oc-ba">
         <name>Cmpss8RegsFile</name>
         <uninitialized>true</uninitialized>
         <run_address>0x5d60</run_address>
         <size>0x1b</size>
         <input_file_ref idref="fl-2"/>
      </object_component>
      <object_component id="oc-98">
         <name>CpuTimer0RegsFile</name>
         <uninitialized>true</uninitialized>
         <run_address>0xc00</run_address>
         <size>0x8</size>
         <input_file_ref idref="fl-2"/>
      </object_component>
      <object_component id="oc-99">
         <name>CpuTimer1RegsFile</name>
         <uninitialized>true</uninitialized>
         <run_address>0xc08</run_address>
         <size>0x8</size>
         <input_file_ref idref="fl-2"/>
      </object_component>
      <object_component id="oc-9a">
         <name>CpuTimer2RegsFile</name>
         <uninitialized>true</uninitialized>
         <run_address>0xc10</run_address>
         <size>0x8</size>
         <input_file_ref idref="fl-2"/>
      </object_component>
      <object_component id="oc-e3">
         <name>CpuSysRegsFile</name>
         <uninitialized>true</uninitialized>
         <run_address>0x5d300</run_address>
         <size>0x82</size>
         <input_file_ref idref="fl-2"/>
      </object_component>
      <object_component id="oc-94">
         <name>DacaRegsFile</name>
         <uninitialized>true</uninitialized>
         <run_address>0x5c00</run_address>
         <size>0x7</size>
         <input_file_ref idref="fl-2"/>
      </object_component>
      <object_component id="oc-95">
         <name>DacbRegsFile</name>
         <uninitialized>true</uninitialized>
         <run_address>0x5c10</run_address>
         <size>0x7</size>
         <input_file_ref idref="fl-2"/>
      </object_component>
      <object_component id="oc-96">
         <name>DaccRegsFile</name>
         <uninitialized>true</uninitialized>
         <run_address>0x5c20</run_address>
         <size>0x7</size>
         <input_file_ref idref="fl-2"/>
      </object_component>
      <object_component id="oc-92">
         <name>DcsmCommonRegsFile</name>
         <uninitialized>true</uninitialized>
         <run_address>0x5f070</run_address>
         <size>0x6</size>
         <input_file_ref idref="fl-2"/>
      </object_component>
      <object_component id="oc-bc">
         <name>DcsmZ1RegsFile</name>
         <uninitialized>true</uninitialized>
         <run_address>0x5f000</run_address>
         <size>0x22</size>
         <input_file_ref idref="fl-2"/>
      </object_component>
      <object_component id="oc-bd">
         <name>DcsmZ2RegsFile</name>
         <uninitialized>true</uninitialized>
         <run_address>0x5f040</run_address>
         <size>0x22</size>
         <input_file_ref idref="fl-2"/>
      </object_component>
      <object_component id="oc-f5">
         <name>DevCfgRegsFile</name>
         <uninitialized>true</uninitialized>
         <run_address>0x5d000</run_address>
         <size>0x12e</size>
         <input_file_ref idref="fl-2"/>
      </object_component>
      <object_component id="oc-ab">
         <name>DmaClaSrcSelRegsFile</name>
         <uninitialized>true</uninitialized>
         <run_address>0x7980</run_address>
         <size>0x1a</size>
         <input_file_ref idref="fl-2"/>
      </object_component>
      <object_component id="oc-e4">
         <name>DmaRegsFile</name>
         <uninitialized>true</uninitialized>
         <run_address>0x1000</run_address>
         <size>0xe0</size>
         <input_file_ref idref="fl-2"/>
      </object_component>
      <object_component id="oc-ac">
         <name>ECap1RegsFile</name>
         <uninitialized>true</uninitialized>
         <run_address>0x5000</run_address>
         <size>0x1a</size>
         <input_file_ref idref="fl-2"/>
      </object_component>
      <object_component id="oc-ad">
         <name>ECap2RegsFile</name>
         <uninitialized>true</uninitialized>
         <run_address>0x5020</run_address>
         <size>0x1a</size>
         <input_file_ref idref="fl-2"/>
      </object_component>
      <object_component id="oc-ae">
         <name>ECap3RegsFile</name>
         <uninitialized>true</uninitialized>
         <run_address>0x5040</run_address>
         <size>0x1a</size>
         <input_file_ref idref="fl-2"/>
      </object_component>
      <object_component id="oc-af">
         <name>ECap4RegsFile</name>
         <uninitialized>true</uninitialized>
         <run_address>0x5060</run_address>
         <size>0x1a</size>
         <input_file_ref idref="fl-2"/>
      </object_component>
      <object_component id="oc-b0">
         <name>ECap5RegsFile</name>
         <uninitialized>true</uninitialized>
         <run_address>0x5080</run_address>
         <size>0x1a</size>
         <input_file_ref idref="fl-2"/>
      </object_component>
      <object_component id="oc-b1">
         <name>ECap6RegsFile</name>
         <uninitialized>true</uninitialized>
         <run_address>0x50a0</run_address>
         <size>0x1a</size>
         <input_file_ref idref="fl-2"/>
      </object_component>
      <object_component id="oc-9b">
         <name>Emif1ConfigRegsFile</name>
         <uninitialized>true</uninitialized>
         <run_address>0x5f480</run_address>
         <size>0xa</size>
         <input_file_ref idref="fl-2"/>
      </object_component>
      <object_component id="oc-9c">
         <name>Emif2ConfigRegsFile</name>
         <uninitialized>true</uninitialized>
         <run_address>0x5f4a0</run_address>
         <size>0xa</size>
         <input_file_ref idref="fl-2"/>
      </object_component>
      <object_component id="oc-c6">
         <name>Emif1RegsFile</name>
         <uninitialized>true</uninitialized>
         <run_address>0x47000</run_address>
         <size>0x28</size>
         <input_file_ref idref="fl-2"/>
      </object_component>
      <object_component id="oc-c7">
         <name>Emif2RegsFile</name>
         <uninitialized>true</uninitialized>
         <run_address>0x47800</run_address>
         <size>0x28</size>
         <input_file_ref idref="fl-2"/>
      </object_component>
      <object_component id="oc-e5">
         <name>EPwm1RegsFile</name>
         <uninitialized>true</uninitialized>
         <run_address>0x4000</run_address>
         <size>0x100</size>
         <input_file_ref idref="fl-2"/>
      </object_component>
      <object_component id="oc-e6">
         <name>EPwm2RegsFile</name>
         <uninitialized>true</uninitialized>
         <run_address>0x4100</run_address>
         <size>0x100</size>
         <input_file_ref idref="fl-2"/>
      </object_component>
      <object_component id="oc-e7">
         <name>EPwm3RegsFile</name>
         <uninitialized>true</uninitialized>
         <run_address>0x4200</run_address>
         <size>0x100</size>
         <input_file_ref idref="fl-2"/>
      </object_component>
      <object_component id="oc-e8">
         <name>EPwm4RegsFile</name>
         <uninitialized>true</uninitialized>
         <run_address>0x4300</run_address>
         <size>0x100</size>
         <input_file_ref idref="fl-2"/>
      </object_component>
      <object_component id="oc-e9">
         <name>EPwm5RegsFile</name>
         <uninitialized>true</uninitialized>
         <run_address>0x4400</run_address>
         <size>0x100</size>
         <input_file_ref idref="fl-2"/>
      </object_component>
      <object_component id="oc-ea">
         <name>EPwm6RegsFile</name>
         <uninitialized>true</uninitialized>
         <run_address>0x4500</run_address>
         <size>0x100</size>
         <input_file_ref idref="fl-2"/>
      </object_component>
      <object_component id="oc-eb">
         <name>EPwm7RegsFile</name>
         <uninitialized>true</uninitialized>
         <run_address>0x4600</run_address>
         <size>0x100</size>
         <input_file_ref idref="fl-2"/>
      </object_component>
      <object_component id="oc-ec">
         <name>EPwm8RegsFile</name>
         <uninitialized>true</uninitialized>
         <run_address>0x4700</run_address>
         <size>0x100</size>
         <input_file_ref idref="fl-2"/>
      </object_component>
      <object_component id="oc-ed">
         <name>EPwm9RegsFile</name>
         <uninitialized>true</uninitialized>
         <run_address>0x4800</run_address>
         <size>0x100</size>
         <input_file_ref idref="fl-2"/>
      </object_component>
      <object_component id="oc-ee">
         <name>EPwm10RegsFile</name>
         <uninitialized>true</uninitialized>
         <run_address>0x4900</run_address>
         <size>0x100</size>
         <input_file_ref idref="fl-2"/>
      </object_component>
      <object_component id="oc-ef">
         <name>EPwm11RegsFile</name>
         <uninitialized>true</uninitialized>
         <run_address>0x4a00</run_address>
         <size>0x100</size>
         <input_file_ref idref="fl-2"/>
      </object_component>
      <object_component id="oc-f0">
         <name>EPwm12RegsFile</name>
         <uninitialized>true</uninitialized>
         <run_address>0x4b00</run_address>
         <size>0x100</size>
         <input_file_ref idref="fl-2"/>
      </object_component>
      <object_component id="oc-d9">
         <name>EPwmXbarRegsFile</name>
         <uninitialized>true</uninitialized>
         <run_address>0x7a00</run_address>
         <size>0x40</size>
         <input_file_ref idref="fl-2"/>
      </object_component>
      <object_component id="oc-be">
         <name>EQep1RegsFile</name>
         <uninitialized>true</uninitialized>
         <run_address>0x5100</run_address>
         <size>0x22</size>
         <input_file_ref idref="fl-2"/>
      </object_component>
      <object_component id="oc-bf">
         <name>EQep2RegsFile</name>
         <uninitialized>true</uninitialized>
         <run_address>0x5140</run_address>
         <size>0x22</size>
         <input_file_ref idref="fl-2"/>
      </object_component>
      <object_component id="oc-c0">
         <name>EQep3RegsFile</name>
         <uninitialized>true</uninitialized>
         <run_address>0x5180</run_address>
         <size>0x22</size>
         <input_file_ref idref="fl-2"/>
      </object_component>
      <object_component id="oc-f9">
         <name>Flash0CtrlRegsFile</name>
         <uninitialized>true</uninitialized>
         <run_address>0x5f800</run_address>
         <size>0x182</size>
         <input_file_ref idref="fl-2"/>
      </object_component>
      <object_component id="oc-c8">
         <name>Flash0EccRegsFile</name>
         <uninitialized>true</uninitialized>
         <run_address>0x5fb00</run_address>
         <size>0x28</size>
         <input_file_ref idref="fl-2"/>
      </object_component>
      <object_component id="oc-8f">
         <name>FlashPumpSemaphoreRegsFile</name>
         <uninitialized>true</uninitialized>
         <run_address>0x50024</run_address>
         <size>0x2</size>
         <input_file_ref idref="fl-2"/>
      </object_component>
      <object_component id="oc-f8">
         <name>GpioCtrlRegsFile</name>
         <uninitialized>true</uninitialized>
         <run_address>0x7c00</run_address>
         <size>0x180</size>
         <input_file_ref idref="fl-2"/>
      </object_component>
      <object_component id="oc-cb">
         <name>GpioDataRegsFile</name>
         <uninitialized>true</uninitialized>
         <run_address>0x7f00</run_address>
         <size>0x30</size>
         <input_file_ref idref="fl-2"/>
      </object_component>
      <object_component id="oc-c1">
         <name>I2caRegsFile</name>
         <uninitialized>true</uninitialized>
         <run_address>0x7300</run_address>
         <size>0x22</size>
         <input_file_ref idref="fl-2"/>
      </object_component>
      <object_component id="oc-c2">
         <name>I2cbRegsFile</name>
         <uninitialized>true</uninitialized>
         <run_address>0x7340</run_address>
         <size>0x22</size>
         <input_file_ref idref="fl-2"/>
      </object_component>
      <object_component id="oc-bb">
         <name>InputXbarRegsFile</name>
         <uninitialized>true</uninitialized>
         <run_address>0x7900</run_address>
         <size>0x20</size>
         <input_file_ref idref="fl-2"/>
      </object_component>
      <object_component id="oc-c3">
         <name>IpcRegsFile</name>
         <uninitialized>true</uninitialized>
         <run_address>0x50000</run_address>
         <size>0x24</size>
         <input_file_ref idref="fl-2"/>
      </object_component>
      <object_component id="oc-cd">
         <name>MemoryErrorRegsFile</name>
         <uninitialized>true</uninitialized>
         <run_address>0x5f500</run_address>
         <size>0x3a</size>
         <input_file_ref idref="fl-2"/>
      </object_component>
      <object_component id="oc-de">
         <name>MemCfgRegsFile</name>
         <uninitialized>true</uninitialized>
         <run_address>0x5f400</run_address>
         <size>0x76</size>
         <input_file_ref idref="fl-2"/>
      </object_component>
      <object_component id="oc-c4">
         <name>McbspaRegsFile</name>
         <uninitialized>true</uninitialized>
         <run_address>0x6000</run_address>
         <size>0x24</size>
         <input_file_ref idref="fl-2"/>
      </object_component>
      <object_component id="oc-c5">
         <name>McbspbRegsFile</name>
         <uninitialized>true</uninitialized>
         <run_address>0x6040</run_address>
         <size>0x24</size>
         <input_file_ref idref="fl-2"/>
      </object_component>
      <object_component id="oc-97">
         <name>NmiIntruptRegsFile</name>
         <uninitialized>true</uninitialized>
         <run_address>0x7060</run_address>
         <size>0x7</size>
         <input_file_ref idref="fl-2"/>
      </object_component>
      <object_component id="oc-da">
         <name>OutputXbarRegsFile</name>
         <uninitialized>true</uninitialized>
         <run_address>0x7a80</run_address>
         <size>0x40</size>
         <input_file_ref idref="fl-2"/>
      </object_component>
      <object_component id="oc-b2">
         <name>PieCtrlRegsFile</name>
         <uninitialized>true</uninitialized>
         <run_address>0xce0</run_address>
         <size>0x1a</size>
         <input_file_ref idref="fl-2"/>
      </object_component>
      <object_component id="oc-90">
         <name>RomPrefetchRegsFile</name>
         <uninitialized>true</uninitialized>
         <run_address>0x5e608</run_address>
         <size>0x2</size>
         <input_file_ref idref="fl-2"/>
      </object_component>
      <object_component id="oc-91">
         <name>RomWaitStateRegsFile</name>
         <uninitialized>true</uninitialized>
         <run_address>0x5f540</run_address>
         <size>0x2</size>
         <input_file_ref idref="fl-2"/>
      </object_component>
      <object_component id="oc-9f">
         <name>SciaRegsFile</name>
         <uninitialized>true</uninitialized>
         <run_address>0x7200</run_address>
         <size>0x10</size>
         <input_file_ref idref="fl-2"/>
      </object_component>
      <object_component id="oc-a0">
         <name>ScibRegsFile</name>
         <uninitialized>true</uninitialized>
         <run_address>0x7210</run_address>
         <size>0x10</size>
         <input_file_ref idref="fl-2"/>
      </object_component>
      <object_component id="oc-a1">
         <name>ScicRegsFile</name>
         <uninitialized>true</uninitialized>
         <run_address>0x7220</run_address>
         <size>0x10</size>
         <input_file_ref idref="fl-2"/>
      </object_component>
      <object_component id="oc-a2">
         <name>ScidRegsFile</name>
         <uninitialized>true</uninitialized>
         <run_address>0x7230</run_address>
         <size>0x10</size>
         <input_file_ref idref="fl-2"/>
      </object_component>
      <object_component id="oc-db">
         <name>Sdfm1RegsFile</name>
         <uninitialized>true</uninitialized>
         <run_address>0x5e00</run_address>
         <size>0x48</size>
         <input_file_ref idref="fl-2"/>
      </object_component>
      <object_component id="oc-dc">
         <name>Sdfm2RegsFile</name>
         <uninitialized>true</uninitialized>
         <run_address>0x5e80</run_address>
         <size>0x48</size>
         <input_file_ref idref="fl-2"/>
      </object_component>
      <object_component id="oc-a3">
         <name>SpiaRegsFile</name>
         <uninitialized>true</uninitialized>
         <run_address>0x6100</run_address>
         <size>0x10</size>
         <input_file_ref idref="fl-2"/>
      </object_component>
      <object_component id="oc-a4">
         <name>SpibRegsFile</name>
         <uninitialized>true</uninitialized>
         <run_address>0x6110</run_address>
         <size>0x10</size>
         <input_file_ref idref="fl-2"/>
      </object_component>
      <object_component id="oc-a5">
         <name>SpicRegsFile</name>
         <uninitialized>true</uninitialized>
         <run_address>0x6120</run_address>
         <size>0x10</size>
         <input_file_ref idref="fl-2"/>
      </object_component>
      <object_component id="oc-93">
         <name>SyncSocRegsFile</name>
         <uninitialized>true</uninitialized>
         <run_address>0x7940</run_address>
         <size>0x6</size>
         <input_file_ref idref="fl-2"/>
      </object_component>
      <object_component id="oc-dd">
         <name>UppRegsFile</name>
         <uninitialized>true</uninitialized>
         <run_address>0x6200</run_address>
         <size>0x48</size>
         <input_file_ref idref="fl-2"/>
      </object_component>
      <object_component id="oc-c9">
         <name>WdRegsFile</name>
         <uninitialized>true</uninitialized>
         <run_address>0x7000</run_address>
         <size>0x2b</size>
         <input_file_ref idref="fl-2"/>
      </object_component>
      <object_component id="oc-a6">
         <name>UidRegsFile</name>
         <uninitialized>true</uninitialized>
         <run_address>0x703c0</run_address>
         <size>0x10</size>
         <input_file_ref idref="fl-2"/>
      </object_component>
      <object_component id="oc-9e">
         <name>XbarRegsFile</name>
         <uninitialized>true</uninitialized>
         <run_address>0x7920</run_address>
         <size>0xe</size>
         <input_file_ref idref="fl-2"/>
      </object_component>
      <object_component id="oc-9d">
         <name>XintRegsFile</name>
         <uninitialized>true</uninitialized>
         <run_address>0x7070</run_address>
         <size>0xb</size>
         <input_file_ref idref="fl-2"/>
      </object_component>
      <object_component id="oc-8e">
         <name>.debug_info</name>
         <load_address>0x0</load_address>
         <run_address>0x0</run_address>
         <size>0x57422</size>
         <input_file_ref idref="fl-2"/>
      </object_component>
      <object_component id="oc-fc">
         <name>.debug_info</name>
         <load_address>0x57422</load_address>
         <run_address>0x57422</run_address>
         <size>0x1167</size>
         <input_file_ref idref="fl-3"/>
      </object_component>
      <object_component id="oc-106">
         <name>.debug_info</name>
         <load_address>0x58589</load_address>
         <run_address>0x58589</run_address>
         <size>0x133</size>
         <input_file_ref idref="fl-4"/>
      </object_component>
      <object_component id="oc-109">
         <name>.debug_info</name>
         <load_address>0x586bc</load_address>
         <run_address>0x586bc</run_address>
         <size>0x32ee</size>
         <input_file_ref idref="fl-5"/>
      </object_component>
      <object_component id="oc-111">
         <name>.debug_info</name>
         <load_address>0x5b9aa</load_address>
         <run_address>0x5b9aa</run_address>
         <size>0x9e1</size>
         <input_file_ref idref="fl-6"/>
      </object_component>
      <object_component id="oc-117">
         <name>.debug_info</name>
         <load_address>0x5c38b</load_address>
         <run_address>0x5c38b</run_address>
         <size>0x520b</size>
         <input_file_ref idref="fl-7"/>
      </object_component>
      <object_component id="oc-11f">
         <name>.debug_info</name>
         <load_address>0x61596</load_address>
         <run_address>0x61596</run_address>
         <size>0x10a1</size>
         <input_file_ref idref="fl-8"/>
      </object_component>
      <object_component id="oc-127">
         <name>.debug_info</name>
         <load_address>0x62637</load_address>
         <run_address>0x62637</run_address>
         <size>0x77b</size>
         <input_file_ref idref="fl-12"/>
      </object_component>
      <object_component id="oc-12d">
         <name>.debug_info</name>
         <load_address>0x62db2</load_address>
         <run_address>0x62db2</run_address>
         <size>0x181e</size>
         <input_file_ref idref="fl-13"/>
      </object_component>
      <object_component id="oc-133">
         <name>.debug_info</name>
         <load_address>0x645d0</load_address>
         <run_address>0x645d0</run_address>
         <size>0x10aa</size>
         <input_file_ref idref="fl-14"/>
      </object_component>
      <object_component id="oc-139">
         <name>.debug_info</name>
         <load_address>0x6567a</load_address>
         <run_address>0x6567a</run_address>
         <size>0xdf9</size>
         <input_file_ref idref="fl-15"/>
      </object_component>
      <object_component id="oc-142">
         <name>.debug_info</name>
         <load_address>0x66473</load_address>
         <run_address>0x66473</run_address>
         <size>0x166e</size>
         <input_file_ref idref="fl-16"/>
      </object_component>
      <object_component id="oc-148">
         <name>.debug_info</name>
         <load_address>0x67ae1</load_address>
         <run_address>0x67ae1</run_address>
         <size>0x246c</size>
         <input_file_ref idref="fl-17"/>
      </object_component>
      <object_component id="oc-151">
         <name>.debug_info</name>
         <load_address>0x69f4d</load_address>
         <run_address>0x69f4d</run_address>
         <size>0x173</size>
         <input_file_ref idref="fl-23"/>
      </object_component>
      <object_component id="oc-156">
         <name>.debug_info</name>
         <load_address>0x6a0c0</load_address>
         <run_address>0x6a0c0</run_address>
         <size>0x114</size>
         <input_file_ref idref="fl-24"/>
      </object_component>
      <object_component id="oc-15a">
         <name>.debug_info</name>
         <load_address>0x6a1d4</load_address>
         <run_address>0x6a1d4</run_address>
         <size>0x561</size>
         <input_file_ref idref="fl-25"/>
      </object_component>
      <object_component id="oc-15f">
         <name>.debug_info</name>
         <load_address>0x6a735</load_address>
         <run_address>0x6a735</run_address>
         <size>0x43a</size>
         <input_file_ref idref="fl-26"/>
      </object_component>
      <object_component id="oc-164">
         <name>.debug_info</name>
         <load_address>0x6ab6f</load_address>
         <run_address>0x6ab6f</run_address>
         <size>0x3ad</size>
         <input_file_ref idref="fl-27"/>
      </object_component>
      <object_component id="oc-169">
         <name>.debug_info</name>
         <load_address>0x6af1c</load_address>
         <run_address>0x6af1c</run_address>
         <size>0x3aa</size>
         <input_file_ref idref="fl-28"/>
      </object_component>
      <object_component id="oc-16e">
         <name>.debug_info</name>
         <load_address>0x6b2c6</load_address>
         <run_address>0x6b2c6</run_address>
         <size>0x544</size>
         <input_file_ref idref="fl-29"/>
      </object_component>
      <object_component id="oc-175">
         <name>.debug_info</name>
         <load_address>0x6b80a</load_address>
         <run_address>0x6b80a</run_address>
         <size>0x4cc</size>
         <input_file_ref idref="fl-2a"/>
      </object_component>
      <object_component id="oc-17a">
         <name>.debug_info</name>
         <load_address>0x6bcd6</load_address>
         <run_address>0x6bcd6</run_address>
         <size>0x467</size>
         <input_file_ref idref="fl-2b"/>
      </object_component>
      <object_component id="oc-17f">
         <name>.debug_info</name>
         <load_address>0x6c13d</load_address>
         <run_address>0x6c13d</run_address>
         <size>0x459</size>
         <input_file_ref idref="fl-2c"/>
      </object_component>
      <object_component id="oc-263">
         <name>.debug_info</name>
         <load_address>0x6c596</load_address>
         <run_address>0x6c596</run_address>
         <size>0x9f</size>
      </object_component>
      <object_component id="oc-fb">
         <name>.debug_abbrev</name>
         <load_address>0x0</load_address>
         <run_address>0x0</run_address>
         <size>0xcb</size>
         <input_file_ref idref="fl-2"/>
      </object_component>
      <object_component id="oc-101">
         <name>.debug_abbrev</name>
         <load_address>0xcb</load_address>
         <run_address>0xcb</run_address>
         <size>0x19b</size>
         <input_file_ref idref="fl-3"/>
      </object_component>
      <object_component id="oc-107">
         <name>.debug_abbrev</name>
         <load_address>0x266</load_address>
         <run_address>0x266</run_address>
         <size>0x21</size>
         <input_file_ref idref="fl-4"/>
      </object_component>
      <object_component id="oc-10f">
         <name>.debug_abbrev</name>
         <load_address>0x287</load_address>
         <run_address>0x287</run_address>
         <size>0x1b6</size>
         <input_file_ref idref="fl-5"/>
      </object_component>
      <object_component id="oc-115">
         <name>.debug_abbrev</name>
         <load_address>0x43d</load_address>
         <run_address>0x43d</run_address>
         <size>0x12d</size>
         <input_file_ref idref="fl-6"/>
      </object_component>
      <object_component id="oc-11d">
         <name>.debug_abbrev</name>
         <load_address>0x56a</load_address>
         <run_address>0x56a</run_address>
         <size>0x215</size>
         <input_file_ref idref="fl-7"/>
      </object_component>
      <object_component id="oc-125">
         <name>.debug_abbrev</name>
         <load_address>0x77f</load_address>
         <run_address>0x77f</run_address>
         <size>0x1b3</size>
         <input_file_ref idref="fl-8"/>
      </object_component>
      <object_component id="oc-12b">
         <name>.debug_abbrev</name>
         <load_address>0x932</load_address>
         <run_address>0x932</run_address>
         <size>0x10a</size>
         <input_file_ref idref="fl-12"/>
      </object_component>
      <object_component id="oc-131">
         <name>.debug_abbrev</name>
         <load_address>0xa3c</load_address>
         <run_address>0xa3c</run_address>
         <size>0x126</size>
         <input_file_ref idref="fl-13"/>
      </object_component>
      <object_component id="oc-137">
         <name>.debug_abbrev</name>
         <load_address>0xb62</load_address>
         <run_address>0xb62</run_address>
         <size>0x1cf</size>
         <input_file_ref idref="fl-14"/>
      </object_component>
      <object_component id="oc-140">
         <name>.debug_abbrev</name>
         <load_address>0xd31</load_address>
         <run_address>0xd31</run_address>
         <size>0x18d</size>
         <input_file_ref idref="fl-15"/>
      </object_component>
      <object_component id="oc-146">
         <name>.debug_abbrev</name>
         <load_address>0xebe</load_address>
         <run_address>0xebe</run_address>
         <size>0x19d</size>
         <input_file_ref idref="fl-16"/>
      </object_component>
      <object_component id="oc-14d">
         <name>.debug_abbrev</name>
         <load_address>0x105b</load_address>
         <run_address>0x105b</run_address>
         <size>0x212</size>
         <input_file_ref idref="fl-17"/>
      </object_component>
      <object_component id="oc-153">
         <name>.debug_abbrev</name>
         <load_address>0x126d</load_address>
         <run_address>0x126d</run_address>
         <size>0x46</size>
         <input_file_ref idref="fl-23"/>
      </object_component>
      <object_component id="oc-158">
         <name>.debug_abbrev</name>
         <load_address>0x12b3</load_address>
         <run_address>0x12b3</run_address>
         <size>0x38</size>
         <input_file_ref idref="fl-24"/>
      </object_component>
      <object_component id="oc-15d">
         <name>.debug_abbrev</name>
         <load_address>0x12eb</load_address>
         <run_address>0x12eb</run_address>
         <size>0xe3</size>
         <input_file_ref idref="fl-25"/>
      </object_component>
      <object_component id="oc-162">
         <name>.debug_abbrev</name>
         <load_address>0x13ce</load_address>
         <run_address>0x13ce</run_address>
         <size>0xa8</size>
         <input_file_ref idref="fl-26"/>
      </object_component>
      <object_component id="oc-167">
         <name>.debug_abbrev</name>
         <load_address>0x1476</load_address>
         <run_address>0x1476</run_address>
         <size>0x68</size>
         <input_file_ref idref="fl-27"/>
      </object_component>
      <object_component id="oc-16c">
         <name>.debug_abbrev</name>
         <load_address>0x14de</load_address>
         <run_address>0x14de</run_address>
         <size>0x66</size>
         <input_file_ref idref="fl-28"/>
      </object_component>
      <object_component id="oc-173">
         <name>.debug_abbrev</name>
         <load_address>0x1544</load_address>
         <run_address>0x1544</run_address>
         <size>0x130</size>
         <input_file_ref idref="fl-29"/>
      </object_component>
      <object_component id="oc-178">
         <name>.debug_abbrev</name>
         <load_address>0x1674</load_address>
         <run_address>0x1674</run_address>
         <size>0xb2</size>
         <input_file_ref idref="fl-2a"/>
      </object_component>
      <object_component id="oc-17d">
         <name>.debug_abbrev</name>
         <load_address>0x1726</load_address>
         <run_address>0x1726</run_address>
         <size>0xee</size>
         <input_file_ref idref="fl-2b"/>
      </object_component>
      <object_component id="oc-182">
         <name>.debug_abbrev</name>
         <load_address>0x1814</load_address>
         <run_address>0x1814</run_address>
         <size>0x9d</size>
         <input_file_ref idref="fl-2c"/>
      </object_component>
      <object_component id="oc-264">
         <name>.debug_abbrev</name>
         <load_address>0x18b1</load_address>
         <run_address>0x18b1</run_address>
         <size>0xf</size>
      </object_component>
      <object_component id="oc-ff">
         <name>.debug_frame</name>
         <load_address>0x0</load_address>
         <run_address>0x0</run_address>
         <size>0x108</size>
         <input_file_ref idref="fl-3"/>
      </object_component>
      <object_component id="oc-10d">
         <name>.debug_frame</name>
         <load_address>0x108</load_address>
         <run_address>0x108</run_address>
         <size>0x21c</size>
         <input_file_ref idref="fl-5"/>
      </object_component>
      <object_component id="oc-113">
         <name>.debug_frame</name>
         <load_address>0x324</load_address>
         <run_address>0x324</run_address>
         <size>0x7c</size>
         <input_file_ref idref="fl-6"/>
      </object_component>
      <object_component id="oc-11b">
         <name>.debug_frame</name>
         <load_address>0x3a0</load_address>
         <run_address>0x3a0</run_address>
         <size>0x1fc</size>
         <input_file_ref idref="fl-7"/>
      </object_component>
      <object_component id="oc-123">
         <name>.debug_frame</name>
         <load_address>0x59c</load_address>
         <run_address>0x59c</run_address>
         <size>0x1a8</size>
         <input_file_ref idref="fl-8"/>
      </object_component>
      <object_component id="oc-129">
         <name>.debug_frame</name>
         <load_address>0x744</load_address>
         <run_address>0x744</run_address>
         <size>0x60</size>
         <input_file_ref idref="fl-12"/>
      </object_component>
      <object_component id="oc-12f">
         <name>.debug_frame</name>
         <load_address>0x7a4</load_address>
         <run_address>0x7a4</run_address>
         <size>0x178</size>
         <input_file_ref idref="fl-13"/>
      </object_component>
      <object_component id="oc-135">
         <name>.debug_frame</name>
         <load_address>0x91c</load_address>
         <run_address>0x91c</run_address>
         <size>0xd0</size>
         <input_file_ref idref="fl-14"/>
      </object_component>
      <object_component id="oc-13e">
         <name>.debug_frame</name>
         <load_address>0x9ec</load_address>
         <run_address>0x9ec</run_address>
         <size>0x10c</size>
         <input_file_ref idref="fl-15"/>
      </object_component>
      <object_component id="oc-144">
         <name>.debug_frame</name>
         <load_address>0xaf8</load_address>
         <run_address>0xaf8</run_address>
         <size>0x15c</size>
         <input_file_ref idref="fl-16"/>
      </object_component>
      <object_component id="oc-14b">
         <name>.debug_frame</name>
         <load_address>0xc54</load_address>
         <run_address>0xc54</run_address>
         <size>0x21c</size>
         <input_file_ref idref="fl-17"/>
      </object_component>
      <object_component id="oc-15b">
         <name>.debug_frame</name>
         <load_address>0xe70</load_address>
         <run_address>0xe70</run_address>
         <size>0x60</size>
         <input_file_ref idref="fl-25"/>
      </object_component>
      <object_component id="oc-160">
         <name>.debug_frame</name>
         <load_address>0xed0</load_address>
         <run_address>0xed0</run_address>
         <size>0x40</size>
         <input_file_ref idref="fl-26"/>
      </object_component>
      <object_component id="oc-165">
         <name>.debug_frame</name>
         <load_address>0xf10</load_address>
         <run_address>0xf10</run_address>
         <size>0x40</size>
         <input_file_ref idref="fl-27"/>
      </object_component>
      <object_component id="oc-16a">
         <name>.debug_frame</name>
         <load_address>0xf50</load_address>
         <run_address>0xf50</run_address>
         <size>0x40</size>
         <input_file_ref idref="fl-28"/>
      </object_component>
      <object_component id="oc-171">
         <name>.debug_frame</name>
         <load_address>0xf90</load_address>
         <run_address>0xf90</run_address>
         <size>0x60</size>
         <input_file_ref idref="fl-29"/>
      </object_component>
      <object_component id="oc-176">
         <name>.debug_frame</name>
         <load_address>0xff0</load_address>
         <run_address>0xff0</run_address>
         <size>0x70</size>
         <input_file_ref idref="fl-2a"/>
      </object_component>
      <object_component id="oc-17b">
         <name>.debug_frame</name>
         <load_address>0x1060</load_address>
         <run_address>0x1060</run_address>
         <size>0x40</size>
         <input_file_ref idref="fl-2b"/>
      </object_component>
      <object_component id="oc-180">
         <name>.debug_frame</name>
         <load_address>0x10a0</load_address>
         <run_address>0x10a0</run_address>
         <size>0x44</size>
         <input_file_ref idref="fl-2c"/>
      </object_component>
      <object_component id="oc-100">
         <name>.debug_line</name>
         <load_address>0x0</load_address>
         <run_address>0x0</run_address>
         <size>0x262</size>
         <input_file_ref idref="fl-3"/>
      </object_component>
      <object_component id="oc-105">
         <name>.debug_line</name>
         <load_address>0x262</load_address>
         <run_address>0x262</run_address>
         <size>0x6b</size>
         <input_file_ref idref="fl-4"/>
      </object_component>
      <object_component id="oc-10e">
         <name>.debug_line</name>
         <load_address>0x2cd</load_address>
         <run_address>0x2cd</run_address>
         <size>0x3f3</size>
         <input_file_ref idref="fl-5"/>
      </object_component>
      <object_component id="oc-114">
         <name>.debug_line</name>
         <load_address>0x6c0</load_address>
         <run_address>0x6c0</run_address>
         <size>0xdc</size>
         <input_file_ref idref="fl-6"/>
      </object_component>
      <object_component id="oc-11c">
         <name>.debug_line</name>
         <load_address>0x79c</load_address>
         <run_address>0x79c</run_address>
         <size>0x268</size>
         <input_file_ref idref="fl-7"/>
      </object_component>
      <object_component id="oc-124">
         <name>.debug_line</name>
         <load_address>0xa04</load_address>
         <run_address>0xa04</run_address>
         <size>0x1f4</size>
         <input_file_ref idref="fl-8"/>
      </object_component>
      <object_component id="oc-12a">
         <name>.debug_line</name>
         <load_address>0xbf8</load_address>
         <run_address>0xbf8</run_address>
         <size>0x11d</size>
         <input_file_ref idref="fl-12"/>
      </object_component>
      <object_component id="oc-130">
         <name>.debug_line</name>
         <load_address>0xd15</load_address>
         <run_address>0xd15</run_address>
         <size>0x237</size>
         <input_file_ref idref="fl-13"/>
      </object_component>
      <object_component id="oc-136">
         <name>.debug_line</name>
         <load_address>0xf4c</load_address>
         <run_address>0xf4c</run_address>
         <size>0x24a</size>
         <input_file_ref idref="fl-14"/>
      </object_component>
      <object_component id="oc-13f">
         <name>.debug_line</name>
         <load_address>0x1196</load_address>
[...]
         <value>0x4900</value>
         <object_component_ref idref="oc-ee"/>
      </symbol>
      <symbol id="sm-246">
         <name>_CpuTimer2Regs</name>
         <value>0xc10</value>
         <object_component_ref idref="oc-9a"/>
      </symbol>
      <symbol id="sm-247">
         <name>_Clb3LogicCfgRegs</name>
         <value>0x3800</value>
         <object_component_ref idref="oc-d2"/>
      </symbol>
      <symbol id="sm-248">
         <name>_DmaClaSrcSelRegs</name>
         <value>0x7980</value>
         <object_component_ref idref="oc-ab"/>
      </symbol>
      <symbol id="sm-249">
         <name>_AnalogSubsysRegs</name>
         <value>0x5d180</value>
         <object_component_ref idref="oc-ce"/>
      </symbol>
      <symbol id="sm-24a">
         <name>_Cmpss3Regs</name>
         <value>0x5cc0</value>
         <object_component_ref idref="oc-b5"/>
      </symbol>
      <symbol id="sm-24b">
         <name>_DaccRegs</name>
         <value>0x5c20</value>
         <object_component_ref idref="oc-96"/>
      </symbol>
      <symbol id="sm-24c">
         <name>_PieCtrlRegs</name>
         <value>0xce0</value>
         <object_component_ref idref="oc-b2"/>
      </symbol>
      <symbol id="sm-24d">
         <name>_DevCfgRegs</name>
         <value>0x5d000</value>
         <object_component_ref idref="oc-f5"/>
      </symbol>
      <symbol id="sm-24e">
         <name>_SpibRegs</name>
         <value>0x6110</value>
         <object_component_ref idref="oc-a4"/>
      </symbol>
      <symbol id="sm-24f">
         <name>_Clb1LogicCtrlRegs</name>
         <value>0x3100</value>
         <object_component_ref idref="oc-d4"/>
      </symbol>
      <symbol id="sm-250">
         <name>_AdccRegs</name>
         <value>0x7500</value>
         <object_component_ref idref="oc-e1"/>
      </symbol>
      <symbol id="sm-251">
         <name>_ScicRegs</name>
         <value>0x7220</value>
         <object_component_ref idref="oc-a1"/>
      </symbol>
      <symbol id="sm-252">
         <name>_ECap1Regs</name>
         <value>0x5000</value>
         <object_component_ref idref="oc-ac"/>
      </symbol>
      <symbol id="sm-253">
         <name>_OutputXbarRegs</name>
         <value>0x7a80</value>
         <object_component_ref idref="oc-da"/>
      </symbol>
      <symbol id="sm-254">
         <name>_MemoryErrorRegs</name>
         <value>0x5f500</value>
         <object_component_ref idref="oc-cd"/>
      </symbol>
      <symbol id="sm-255">
         <name>_Cla1Regs</name>
         <value>0x1400</value>
         <object_component_ref idref="oc-cf"/>
      </symbol>
      <symbol id="sm-256">
         <name>_EQep1Regs</name>
         <value>0x5100</value>
         <object_component_ref idref="oc-be"/>
      </symbol>
      <symbol id="sm-257">
         <name>_DacbRegs</name>
         <value>0x5c10</value>
         <object_component_ref idref="oc-95"/>
      </symbol>
      <symbol id="sm-258">
         <name>_Clb2DataExchRegs</name>
         <value>0x3600</value>
         <object_component_ref idref="oc-f2"/>
      </symbol>
      <symbol id="sm-259">
         <name>_Clb4LogicCfgRegs</name>
         <value>0x3c00</value>
         <object_component_ref idref="oc-d3"/>
      </symbol>
      <symbol id="sm-25a">
         <name>_UidRegs</name>
         <value>0x703c0</value>
         <object_component_ref idref="oc-a6"/>
      </symbol>
      <symbol id="sm-25b">
         <name>_McbspaRegs</name>
         <value>0x6000</value>
         <object_component_ref idref="oc-c4"/>
      </symbol>
      <symbol id="sm-25c">
         <name>_EPwm1Regs</name>
         <value>0x4000</value>
         <object_component_ref idref="oc-e5"/>
      </symbol>
      <symbol id="sm-25d">
         <name>_Clb3LogicCtrlRegs</name>
         <value>0x3900</value>
         <object_component_ref idref="oc-d6"/>
      </symbol>
      <symbol id="sm-25e">
         <name>_AdcbRegs</name>
         <value>0x7480</value>
         <object_component_ref idref="oc-e0"/>
      </symbol>
      <symbol id="sm-25f">
         <name>_ScibRegs</name>
         <value>0x7210</value>
         <object_component_ref idref="oc-a0"/>
      </symbol>
      <symbol id="sm-260">
         <name>_AdcaResultRegs</name>
         <value>0xb00</value>
         <object_component_ref idref="oc-a7"/>
      </symbol>
      <symbol id="sm-261">
         <name>_ECap2Regs</name>
         <value>0x5020</value>
         <object_component_ref idref="oc-ad"/>
      </symbol>
      <symbol id="sm-262">
         <name>_EPwm12Regs</name>
         <value>0x4b00</value>
         <object_component_ref idref="oc-f0"/>
      </symbol>
      <symbol id="sm-263">
         <name>_AdcbResultRegs</name>
         <value>0xb20</value>
         <object_component_ref idref="oc-a8"/>
      </symbol>
      <symbol id="sm-264">
         <name>_Clb1LogicCfgRegs</name>
         <value>0x3000</value>
         <object_component_ref idref="oc-d0"/>
      </symbol>
      <symbol id="sm-265">
         <name>_AdccResultRegs</name>
         <value>0xb40</value>
         <object_component_ref idref="oc-a9"/>
      </symbol>
      <symbol id="sm-266">
         <name>_Emif1ConfigRegs</name>
         <value>0x5f480</value>
         <object_component_ref idref="oc-9b"/>
      </symbol>
      <symbol id="sm-267">
         <name>_Sdfm2Regs</name>
         <value>0x5e80</value>
         <object_component_ref idref="oc-dc"/>
      </symbol>
      <symbol id="sm-268">
         <name>_AdcdResultRegs</name>
         <value>0xb60</value>
         <object_component_ref idref="oc-aa"/>
      </symbol>
      <symbol id="sm-269">
         <name>_EQep2Regs</name>
         <value>0x5140</value>
         <object_component_ref idref="oc-bf"/>
      </symbol>
      <symbol id="sm-26a">
         <name>_Cmpss1Regs</name>
         <value>0x5c80</value>
         <object_component_ref idref="oc-b3"/>
      </symbol>
      <symbol id="sm-26b">
         <name>_EPwm8Regs</name>
         <value>0x4700</value>
         <object_component_ref idref="oc-ec"/>
      </symbol>
      <symbol id="sm-26c">
         <name>_Emif2ConfigRegs</name>
         <value>0x5f4a0</value>
         <object_component_ref idref="oc-9c"/>
      </symbol>
      <symbol id="sm-26d">
         <name>_DcsmCommonRegs</name>
         <value>0x5f070</value>
         <object_component_ref idref="oc-92"/>
      </symbol>
      <symbol id="sm-26e">
         <name>_EPwm2Regs</name>
         <value>0x4100</value>
         <object_component_ref idref="oc-e6"/>
      </symbol>
      <symbol id="sm-26f">
         <name>_ECap3Regs</name>
         <value>0x5040</value>
         <object_component_ref idref="oc-ae"/>
      </symbol>
      <symbol id="sm-270">
         <name>_Cmpss8Regs</name>
         <value>0x5d60</value>
         <object_component_ref idref="oc-ba"/>
      </symbol>
      <symbol id="sm-271">
         <name>_EQep3Regs</name>
         <value>0x5180</value>
         <object_component_ref idref="oc-c0"/>
      </symbol>
      <symbol id="sm-272">
         <name>_SyncSocRegs</name>
         <value>0x7940</value>
         <object_component_ref idref="oc-93"/>
      </symbol>
      <symbol id="sm-273">
         <name>_EPwm9Regs</name>
         <value>0x4800</value>
         <object_component_ref idref="oc-ed"/>
      </symbol>
      <symbol id="sm-274">
         <name>_NmiIntruptRegs</name>
         <value>0x7060</value>
         <object_component_ref idref="oc-97"/>
      </symbol>
      <symbol id="sm-275">
         <name>_EPwm3Regs</name>
         <value>0x4200</value>
         <object_component_ref idref="oc-e7"/>
      </symbol>
      <symbol id="sm-276">
         <name>_I2caRegs</name>
         <value>0x7300</value>
         <object_component_ref idref="oc-c1"/>
      </symbol>
      <symbol id="sm-2a5">
         <name>_main</name>
         <value>0x826cc</value>
         <object_component_ref idref="oc-18d"/>
      </symbol>
      <symbol id="sm-2a7">
         <name>_ledR</name>
         <value>0xa891</value>
         <object_component_ref idref="oc-fd"/>
      </symbol>
      <symbol id="sm-2a8">
         <name>_ledG</name>
         <value>0xa890</value>
         <object_component_ref idref="oc-fd"/>
      </symbol>
      <symbol id="sm-2b8">
         <name>code_start</name>
         <value>0x80000</value>
         <object_component_ref idref="oc-104"/>
      </symbol>
      <symbol id="sm-2e8">
         <name>_Example_done</name>
         <value>0x82427</value>
         <object_component_ref idref="oc-190"/>
      </symbol>
      <symbol id="sm-2ea">
         <name>_Example_Fail</name>
         <value>0xa884</value>
         <object_component_ref idref="oc-10b"/>
      </symbol>
      <symbol id="sm-2eb">
         <name>_Device_bootCPU2</name>
         <value>0x8229c</value>
         <object_component_ref idref="oc-190"/>
      </symbol>
      <symbol id="sm-2ed">
         <name>_Device_initGPIO</name>
         <value>0x82204</value>
         <object_component_ref idref="oc-190"/>
      </symbol>
      <symbol id="sm-2ef">
         <name>_Example_setResultPass</name>
         <value>0x8241d</value>
         <object_component_ref idref="oc-190"/>
      </symbol>
      <symbol id="sm-2f1">
         <name>___error__</name>
         <value>0x82416</value>
         <object_component_ref idref="oc-190"/>
      </symbol>
      <symbol id="sm-2f3">
         <name>_Example_Result</name>
         <value>0xa880</value>
         <object_component_ref idref="oc-10b"/>
      </symbol>
      <symbol id="sm-2f4">
         <name>_Example_setResultFail</name>
         <value>0x82422</value>
         <object_component_ref idref="oc-190"/>
      </symbol>
      <symbol id="sm-2f6">
         <name>_Device_enableUnbondedGPIOPullupsFor176Pin</name>
         <value>0x82225</value>
         <object_component_ref idref="oc-190"/>
      </symbol>
      <symbol id="sm-2f8">
         <name>_Device_enableUnbondedGPIOPullups</name>
         <value>0x82255</value>
         <object_component_ref idref="oc-190"/>
      </symbol>
      <symbol id="sm-2fa">
         <name>_Device_init</name>
         <value>0x820c6</value>
         <object_component_ref idref="oc-190"/>
      </symbol>
      <symbol id="sm-2fc">
         <name>_Example_PassCount</name>
         <value>0xa882</value>
         <object_component_ref idref="oc-10b"/>
      </symbol>
      <symbol id="sm-2fd">
         <name>_Device_enableUnbondedGPIOPullupsFor100Pin</name>
         <value>0x82238</value>
         <object_component_ref idref="oc-190"/>
      </symbol>
      <symbol id="sm-2ff">
         <name>_Device_enableAllPeripherals</name>
         <value>0x82119</value>
         <object_component_ref idref="oc-190"/>
      </symbol>
      <symbol id="sm-301">
         <name>_Device_configureTMXAnalogTrim</name>
         <value>0x8226b</value>
         <object_component_ref idref="oc-190"/>
      </symbol>
      <symbol id="sm-318">
         <name>_GPIO_init_Pin</name>
         <value>0x82abb</value>
         <object_component_ref idref="oc-19a"/>
      </symbol>
      <symbol id="sm-347">
         <name>_len</name>
         <value>0xa892</value>
         <object_component_ref idref="oc-118"/>
      </symbol>
      <symbol id="sm-348">
         <name>_rdata</name>
         <value>0xa800</value>
         <object_component_ref idref="oc-189"/>
      </symbol>
      <symbol id="sm-349">
         <name>_Send_Serial</name>
         <value>0x82889</value>
         <object_component_ref idref="oc-18a"/>
      </symbol>
      <symbol id="sm-34b">
         <name>_Recive_Serial</name>
         <value>0x82897</value>
         <object_component_ref idref="oc-18a"/>
      </symbol>
      <symbol id="sm-34d">
         <name>_scicRxISR</name>
         <value>0x82d26</value>
         <object_component_ref idref="oc-119"/>
      </symbol>
      <symbol id="sm-34f">
         <name>_UART_GPIO_init</name>
         <value>0x82833</value>
         <object_component_ref idref="oc-18a"/>
      </symbol>
      <symbol id="sm-351">
         <name>_UART_init</name>
         <value>0x82864</value>
         <object_component_ref idref="oc-18a"/>
      </symbol>
      <symbol id="sm-373">
         <name>_CPU_Timers_Init</name>
         <value>0x8292c</value>
         <object_component_ref idref="oc-18b"/>
      </symbol>
      <symbol id="sm-375">
         <name>_CPU_Timers_Config</name>
         <value>0x82940</value>
         <object_component_ref idref="oc-18b"/>
      </symbol>
      <symbol id="sm-377">
         <name>_cpuTimer0ISR</name>
         <value>0x82f31</value>
         <object_component_ref idref="oc-121"/>
      </symbol>
      <symbol id="sm-379">
         <name>_timer</name>
         <value>0xa893</value>
         <object_component_ref idref="oc-120"/>
      </symbol>
      <symbol id="sm-38e">
         <name>_CPUTimer_setEmulationMode</name>
         <value>0x83192</value>
         <object_component_ref idref="oc-196"/>
      </symbol>
      <symbol id="sm-3d2">
         <name>_Flash_initModule</name>
         <value>0x8000</value>
         <object_component_ref idref="oc-19e"/>
      </symbol>
      <symbol id="sm-3fc">
         <name>_GPIO_setControllerCore</name>
         <value>0x82e24</value>
         <object_component_ref idref="oc-1a5"/>
      </symbol>
      <symbol id="sm-3fe">
         <name>_GPIO_setPinConfig</name>
         <value>0x82e5b</value>
         <object_component_ref idref="oc-191"/>
      </symbol>
      <symbol id="sm-400">
         <name>_GPIO_setDirectionMode</name>
         <value>0x82f00</value>
         <object_component_ref idref="oc-1a3"/>
      </symbol>
      <symbol id="sm-402">
         <name>_GPIO_setQualificationMode</name>
         <value>0x82e92</value>
         <object_component_ref idref="oc-1a4"/>
      </symbol>
      <symbol id="sm-404">
         <name>_GPIO_setPadConfig</name>
         <value>0x82bb2</value>
         <object_component_ref idref="oc-1b0"/>
      </symbol>
      <symbol id="sm-433">
         <name>_Interrupt_illegalOperationHandler</name>
         <value>0x83261</value>
         <object_component_ref idref="oc-13b"/>
      </symbol>
      <symbol id="sm-435">
         <name>_Interrupt_enable</name>
         <value>0x82ec9</value>
         <object_component_ref idref="oc-199"/>
      </symbol>
      <symbol id="sm-437">
         <name>_Interrupt_initVectorTable</name>
         <value>0x8303c</value>
         <object_component_ref idref="oc-198"/>
      </symbol>
      <symbol id="sm-439">
         <name>_Interrupt_initModule</name>
         <value>0x82de7</value>
         <object_component_ref idref="oc-197"/>
      </symbol>
      <symbol id="sm-43b">
         <name>_Interrupt_nmiHandler</name>
         <value>0x8326b</value>
         <object_component_ref idref="oc-13c"/>
      </symbol>
      <symbol id="sm-43d">
         <name>_Interrupt_defaultHandler</name>
         <value>0x8313e</value>
         <object_component_ref idref="oc-13a"/>
      </symbol>
      <symbol id="sm-48a">
         <name>_SCI_enableInterrupt</name>
         <value>0x82ce2</value>
         <object_component_ref idref="oc-194"/>
      </symbol>
      <symbol id="sm-48c">
         <name>_SCI_clearInterruptStatus</name>
         <value>0x82c9d</value>
         <object_component_ref idref="oc-193"/>
      </symbol>
      <symbol id="sm-48e">
         <name>_SCI_setConfig</name>
         <value>0x82da9</value>
         <object_component_ref idref="oc-192"/>
      </symbol>
      <symbol id="sm-490">
         <name>_SCI_writeCharArray</name>
         <value>0x82d68</value>
         <object_component_ref idref="oc-195"/>
      </symbol>
      <symbol id="sm-516">
         <name>_SysCtl_selectXTAL</name>
         <value>0x8296e</value>
         <object_component_ref idref="oc-1c1"/>
      </symbol>
      <symbol id="sm-518">
         <name>_SysCtl_delay</name>
         <value>0x8124</value>
         <object_component_ref idref="oc-149"/>
      </symbol>
      <symbol id="sm-519">
         <name>_SysCtl_selectOscSource</name>
         <value>0x82c55</value>
         <object_component_ref idref="oc-1be"/>
      </symbol>
      <symbol id="sm-51b">
         <name>_SysCtl_setClock</name>
         <value>0x82428</value>
         <object_component_ref idref="oc-1a0"/>
      </symbol>
      <symbol id="sm-51d">
         <name>_SysCtl_getLowSpeedClock</name>
         <value>0x830c6</value>
         <object_component_ref idref="oc-1a2"/>
      </symbol>
      <symbol id="sm-51f">
         <name>_SysCtl_getClock</name>
         <value>0x82c04</value>
         <object_component_ref idref="oc-1a1"/>
      </symbol>
      <symbol id="sm-521">
         <name>_SysCtl_getDeviceParametric</name>
         <value>0x82af4</value>
         <object_component_ref idref="oc-19f"/>
      </symbol>
      <symbol id="sm-53d">
         <name>_c_int00</name>
         <value>0x82b5c</value>
         <object_component_ref idref="oc-8d"/>
      </symbol>
      <symbol id="sm-53e">
         <name>__stack</name>
         <value>0x400</value>
         <object_component_ref idref="oc-14f"/>
      </symbol>
      <symbol id="sm-54f">
         <name>FS$$DIV</name>
         <value>0x829fe</value>
         <object_component_ref idref="oc-155"/>
      </symbol>
      <symbol id="sm-55e">
         <name>_copy_in</name>
         <value>0x82fd9</value>
         <object_component_ref idref="oc-185"/>
      </symbol>
      <symbol id="sm-570">
         <name>_memcpy</name>
         <value>0x8305a</value>
         <object_component_ref idref="oc-18c"/>
      </symbol>
      <symbol id="sm-57d">
         <name>__system_pre_init</name>
         <value>0x83296</value>
         <object_component_ref idref="oc-184"/>
      </symbol>
      <symbol id="sm-58b">
         <name>__system_post_cinit</name>
         <value>0x83298</value>
         <object_component_ref idref="oc-186"/>
      </symbol>
      <symbol id="sm-5a0">
         <name>C$$EXIT</name>
         <value>0x82f62</value>
         <object_component_ref idref="oc-188"/>
      </symbol>
      <symbol id="sm-5a1">
         <name>_exit</name>
         <value>0x82f64</value>
         <object_component_ref idref="oc-188"/>
      </symbol>
      <symbol id="sm-5a3">
         <name>___TI_cleanup_ptr</name>
         <value>0xa888</value>
         <object_component_ref idref="oc-170"/>
      </symbol>
      <symbol id="sm-5a4">
         <name>___TI_enable_exit_profile_output</name>
         <value>0xa886</value>
         <object_component_ref idref="oc-170"/>
      </symbol>
      <symbol id="sm-5a5">
         <name>_abort</name>
         <value>0x82f62</value>
         <object_component_ref idref="oc-188"/>
      </symbol>
      <symbol id="sm-5a7">
         <name>___TI_dtors_ptr</name>
         <value>0xa88a</value>
         <object_component_ref idref="oc-170"/>
      </symbol>
      <symbol id="sm-5bb">
         <name>__unlock</name>
         <value>0xa88e</value>
         <object_component_ref idref="oc-1b1"/>
      </symbol>
      <symbol id="sm-5bc">
         <name>__lock</name>
         <value>0xa88c</value>
         <object_component_ref idref="oc-18e"/>
      </symbol>
      <symbol id="sm-5bd">
         <name>__register_lock</name>
         <value>0x83282</value>
         <object_component_ref idref="oc-19c"/>
      </symbol>
      <symbol id="sm-5bf">
         <name>__nop</name>
         <value>0x83286</value>
         <object_component_ref idref="oc-19c"/>
      </symbol>
      <symbol id="sm-5c1">
         <name>__register_unlock</name>
         <value>0x8327e</value>
         <object_component_ref idref="oc-19c"/>
      </symbol>
      <symbol id="sm-5d1">
         <name>__args_main</name>
         <value>0x831dc</value>
         <object_component_ref idref="oc-187"/>
      </symbol>
      <symbol id="sm-5e4">
         <name>_strstr</name>
         <value>0x83154</value>
         <object_component_ref idref="oc-19b"/>
      </symbol>
   </symbol_table>
   <title>Link successful</title>
</link_info>
